#bioinf575_hw1_part2
#problem_1_part_a
#DONE!

#problem_1_part_b
a. 
#DONE on remote repository: added the required lines and committed to the main branch online. 

b. 
alauth@LTMSS249 MINGW64 ~
$ cd Documents/

alauth@LTMSS249 MINGW64 ~/Documents
$ ls
'My Music'@  'My Pictures'@  'My Videos'@   bioinf575/   hg541/

alauth@LTMSS249 MINGW64 ~/Documents
$ cd bioinf575/

alauth@LTMSS249 MINGW64 ~/Documents/bioinf575 (main)
$ ls
 BRCA1_sequence.fa    Exercises/   README.md          test_env.ipynb
 CODE_OF_CONDUCT.md   HW/         'Study sessions'/   test_env_2.ipynb
'Class Sessions'/     LICENSE      images/            test_script_2.sh

alauth@LTMSS249 MINGW64 ~/Documents/bioinf575 (main)
$ cd "Class Sessions"/

alauth@LTMSS249 MINGW64 ~/Documents/bioinf575/Class Sessions (main)
$ ls
'Bash intro-Session 2'/
'Session 3_Bash_commands_applied'/
 Session_4_Git_GitHub/
 Session_5_Programming_concepts_python/
 Session_6_Data_Types_strings_lists_tuples_basic_debugging/

alauth@LTMSS249 MINGW64 ~/Documents/bioinf575/Class Sessions (main)
$ cd Session_4_Git_GitHub/

alauth@LTMSS249 MINGW64 ~/Documents/bioinf575/Class Sessions/Session_4_Git_GitHub (main)
$ ls
BRCA1_sequence.fa  Git_and_GitHub.pdf    example_script.sh*  test_repo/
BRCA2_sequence.fa  bash_git_commands.sh  results.txt         testing/

alauth@LTMSS249 MINGW64 ~/Documents/bioinf575/Class Sessions/Session_4_Git_GitHub (main)
$ cd testing/

c. 
$ pwd
/c/Users/alauth/Documents/bioinf575/Class Sessions/Session_4_Git_GitHub/testing

d. 
$ git status
On branch main
Your branch is up to date with 'origin/main'.

nothing to commit, working tree clean

e. 
$ git pull
remote: Enumerating objects: 5, done.
remote: Counting objects: 100% (5/5), done.
remote: Compressing objects: 100% (3/3), done.
remote: Total 3 (delta 1), reused 0 (delta 0), pack-reused 0
Unpacking objects: 100% (3/3), 700 bytes | 70.00 KiB/s, done.
From https://github.com/alauth22/testing
   e53cdef..e4e8e55  main       -> origin/main
Updating e53cdef..e4e8e55
Fast-forward
 README.md | 6 +-----
 1 file changed, 1 insertion(+), 5 deletions(-)

f. 
$ cat README.md

Repo for testing
We will work with this repo for the BIOINF 575 class

g. 
$ echo "This line is for Problem1Bg." >> README.md
$ cat README.md

Repo for testing
We will work with this repo for the BIOINF 575 class
This line is for Problem1Bg.

h. 
$ git diff
warning: LF will be replaced by CRLF in README.md.
The file will have its original line endings in your working directory
diff --git a/README.md b/README.md
index 57e5c0a..55ea8d0 100644
--- a/README.md
+++ b/README.md
@@ -1,3 +1,4 @@

 Repo for testing
 We will work with this repo for the BIOINF 575 class
+This line is for Problem1Bg.

i. 
$ git add README.md
warning: LF will be replaced by CRLF in README.md.
The file will have its original line endings in your working directory

$ git status
On branch main
Your branch is up to date with 'origin/main'.

Changes to be committed:
  (use "git restore --staged <file>..." to unstage)
        modified:   README.md

j. 
$ git commit -m "Added a line in README.md for Problem1Bj."
[main 0fa43f3] Added a line in README.md for Problem1Bj.
 1 file changed, 1 insertion(+)

k.
$ echo "This line is added by mistake for Problem1Bk." >> README.md


l. 
$ cat README.md

Repo for testing
We will work with this repo for the BIOINF 575 class
This line is for Problem1Bg.
This line is added by mistake for Problem1Bk.

m. 
$ git add README.md
warning: LF will be replaced by CRLF in README.md.
The file will have its original line endings in your working directory

$ git status
On branch main
Your branch is ahead of 'origin/main' by 1 commit.
  (use "git push" to publish your local commits)

Changes to be committed:
  (use "git restore --staged <file>..." to unstage)
        modified:   README.md

n. 
$ git commit -m "Added a line by mistake in README.md for Problem1Bn."
[main 99d17f7] Added a line by mistake in README.md for Problem1Bn.
 1 file changed, 1 insertion(+)

 o. 
 $ git log --oneline
99d17f7 (HEAD -> main) Added a line by mistake in README.md for Problem1Bn.
**Added a line in README.md for Problem1Bj.
e4e8e55 (origin/main, origin/HEAD) Update README.md
e53cdef For step letter r in HW1
790d72e Added a line by mistake in README.md for Problem1Bn
406381f Added a line by mistake in README.md for Problem1Bj
7324129 Update README.md
1f6bed1 (new_feature) Added new_file.txt
3f1936b Update README.md
14465a0 Merge pull request #1 from alauth22/changed_title
d3b4db8 Update README.md
d08df04 Update README.md
de3bb7f Initial commit

p.
$ git checkout 0fa43f3 README.md
Updated 1 path from 43e77e4

q. 
$ git status
On branch main
Your branch is ahead of 'origin/main' by 2 commits.
  (use "git push" to publish your local commits)

Changes to be committed:
  (use "git restore --staged <file>..." to unstage)
        modified:   README.md

#Changed and not staged. 
#The change is removing the "bad change" that was appended to the README.md file in step k. The README.md file should now contain what it originally had at step j. We know the change is marked because the README.md file is highlighted in green from git status. 

r. 
$ git commit -m "Committing changes for Problem1Br."
[main 63fad3d] Committing changes for Problem1Br.
 1 file changed, 1 deletion(-)
 
 $ git push
Enumerating objects: 9, done.
Counting objects: 100% (9/9), done.
Delta compression using up to 12 threads
Compressing objects: 100% (7/7), done.
Writing objects: 100% (7/7), 818 bytes | 818.00 KiB/s, done.
Total 7 (delta 3), reused 0 (delta 0), pack-reused 0
remote: Resolving deltas: 100% (3/3), completed with 1 local object.
To https://github.com/alauth22/testing.git
   e4e8e55..63fad3d  main -> main

s. 
#opened text editor, changed second line of README.md file to "Creating conflict", and saved it. 
Creating conflict
Repo for testing 
We will work with this repo for the BIOINF 575 class
This line is for Problem1Bg.

#On termianl I checked with cat command. 
$ cat README.md

Creating conflict
Repo for testing
We will work with this repo for the BIOINF 575 class
This line is for Problem1Bg.

t. 
#went to my GitHub account, edited the second line of the README.md file with "This is the conflicting line", and committed that change on the remote repository. 

u. 
$ git add README.md
$ git status
On branch main
Your branch is up to date with 'origin/main'.

Changes to be committed:
  (use "git restore --staged <file>..." to unstage)
        modified:   README.md

$ git commit -m "Changed README.md"
[main 45221f7] Changed README.md
 1 file changed, 1 insertion(+)

$ git status
On branch main
Your branch and 'origin/main' have diverged,
and have 1 and 1 different commits each, respectively.
  (use "git pull" to merge the remote branch into yours)

nothing to commit, working tree clean

v. 
$ git pull
Auto-merging README.md
CONFLICT (content): Merge conflict in README.md
Automatic merge failed; fix conflicts and then commit the result. 

x. 
Creating conflict

This is the conflicting line.

Repo for testing 
We will work with this repo for the BIOINF 575 class
This line is for Problem1Bg.

$ git add README.md

alauth@LTMSS249 MINGW64 ~/Documents/bioinf575/Class Sessions/Session_4_Git_GitHub/testing (main|MERGING)
$ git status
On branch main
Your branch and 'origin/main' have diverged,
and have 1 and 1 different commits each, respectively.
  (use "git pull" to merge the remote branch into yours)

All conflicts fixed but you are still merging.
  (use "git commit" to conclude merge)

Changes to be committed:
        modified:   README.md


alauth@LTMSS249 MINGW64 ~/Documents/bioinf575/Class Sessions/Session_4_Git_GitHub/testing (main|MERGING)
$ git commit -m "Conflict solved"
[main 8fe4491] Conflict solved

alauth@LTMSS249 MINGW64 ~/Documents/bioinf575/Class Sessions/Session_4_Git_GitHub/testing (main)
$ git status
On branch main
Your branch is ahead of 'origin/main' by 2 commits.
  (use "git push" to publish your local commits)

nothing to commit, working tree clean

y. 
$ cat README.md


Creating conflict

This is the conflicting line.

Repo for testing
We will work with this repo for the BIOINF 575 class
This line is for Problem1Bg.
Testing stash
alauth@LTMSS249 MINGW64 ~/Documents/bioinf575/Class Sessions/Session_4_Git_GitHub/testing (main)
$ git stash
Saved working directory and index state WIP on main: 8fe4491 Conflict solved

alauth@LTMSS249 MINGW64 ~/Documents/bioinf575/Class Sessions/Session_4_Git_GitHub/testing (main)
$ cat README.md


Creating conflict

This is the conflicting line.

Repo for testing
We will work with this repo for the BIOINF 575 class
This line is for Problem1Bg.

alauth@LTMSS249 MINGW64 ~/Documents/bioinf575/Class Sessions/Session_4_Git_GitHub/testing (main)
$ git stash list
stash@{0}: WIP on main: 8fe4491 Conflict solved

z.
$ git checkout stash@{0} .
Updated 1 path from 7070bb5

alauth@LTMSS249 MINGW64 ~/Documents/bioinf575/Class Sessions/Session_4_Git_GitHub/testing (main)
$ cat README.md


Creating conflict

This is the conflicting line.

Repo for testing
We will work with this repo for the BIOINF 575 class
This line is for Problem1Bg.
Testing stash

#problem_2